// Jest Snapshot v1, https://goo.gl/fbAQLP

exports[`App should render correctly in "debug" mode 1`] = `
<BrowserRouter>
  <div
    className="container"
  >
    <withRouter(Connect(Navbar)) />
    <div
      className="main"
    >
      <nav />
      <article>
        <Switch>
          <Route
            component={[Function]}
            exact={true}
            path="/"
          />
          <Route
            component={[Function]}
            exact={true}
            path="/login"
          />
          <Route
            component={[Function]}
            exact={true}
            path="/register"
          />
        </Switch>
      </article>
      <aside />
    </div>
    <div
      className="clearfix"
    />
  </div>
</BrowserRouter>
`;
